<?xml version="1.0" encoding="utf-8" standalone="yes"?><rss version="2.0" xmlns:atom="http://www.w3.org/2005/Atom"><channel><title>golden on Reddit News</title><link>https://www.redditnews.io/categories/golden/</link><description>Recent content in golden on Reddit News</description><generator>Hugo -- gohugo.io</generator><language>en-us</language><lastBuildDate>Sun, 09 Jan 2022 22:10:13 +0000</lastBuildDate><atom:link href="https://www.redditnews.io/categories/golden/index.xml" rel="self" type="application/rss+xml"/><item><title>NASA’s new Webb space telescope opens its golden ‘eye’</title><link>https://www.redditnews.io/p/61db5b039b4239bd82110570/</link><pubDate>Sun, 09 Jan 2022 22:10:13 +0000</pubDate><guid>https://www.redditnews.io/p/61db5b039b4239bd82110570/</guid><description>The world’s most powerful telescope unfurled its final mirror today as it sped away to its final destination one million miles from earth. NASA completed the final step of the Webb telescope’s difficult two-week initiation process Saturday, unfolding the final 21-foot piece: its ‘golden eye.’ NPR science correspondent Joe Palca joins Hari Sreenivasan to explain more about the telescope, its design, and its purpose.
Summary But if you look through an infrared telescope, oh yes, there I see a star or a galaxy.</description></item></channel></rss>