<!doctype html><html lang=en-us><head><title>https://www.redditnews.io/categories/golden/</title><link rel=canonical href=https://www.redditnews.io/categories/golden/><meta name=robots content="noindex"><meta charset=utf-8><meta http-equiv=refresh content="0; url=https://www.redditnews.io/categories/golden/"></head></html>